
--- Training ViT (Base) (google/vit-base-patch16-224) ---
{'eval_loss': '0.2777', 'eval_accuracy': '0.8298', 'eval_f1': '0.8291', 'eval_runtime': '7.747', 'eval_samples_per_second': '6.067', 'eval_steps_per_second': '0.774', 'epoch': '1'}
{'eval_loss': '0.1287', 'eval_accuracy': '0.9574', 'eval_f1': '0.9539', 'eval_runtime': '10.84', 'eval_samples_per_second': '4.336', 'eval_steps_per_second': '0.554', 'epoch': '2'}
{'eval_loss': '0.09265', 'eval_accuracy': '0.9574', 'eval_f1': '0.9539', 'eval_runtime': '8.059', 'eval_samples_per_second': '5.832', 'eval_steps_per_second': '0.744', 'epoch': '3'}
{'eval_loss': '0.07101', 'eval_accuracy': '0.9787', 'eval_f1': '0.9772', 'eval_runtime': '7.71', 'eval_samples_per_second': '6.096', 'eval_steps_per_second': '0.778', 'epoch': '4'}
{'eval_loss': '0.06723', 'eval_accuracy': '0.9787', 'eval_f1': '0.9772', 'eval_runtime': '7.939', 'eval_samples_per_second': '5.92', 'eval_steps_per_second': '0.756', 'epoch': '5'}
{'eval_loss': '0.06748', 'eval_accuracy': '0.9787', 'eval_f1': '0.9772', 'eval_runtime': '11.7', 'eval_samples_per_second': '4.016', 'eval_steps_per_second': '0.513', 'epoch': '6'}
{'eval_loss': '0.06851', 'eval_accuracy': '0.9787', 'eval_f1': '0.9772', 'eval_runtime': '8.652', 'eval_samples_per_second': '5.432', 'eval_steps_per_second': '0.693', 'epoch': '7'}
{'eval_loss': '0.06905', 'eval_accuracy': '0.9787', 'eval_f1': '0.9772', 'eval_runtime': '8.754', 'eval_samples_per_second': '5.369', 'eval_steps_per_second': '0.685', 'epoch': '8'}
{'eval_loss': '0.06938', 'eval_accuracy': '0.9787', 'eval_f1': '0.9772', 'eval_runtime': '8.014', 'eval_samples_per_second': '5.865', 'eval_steps_per_second': '0.749', 'epoch': '9'}
{'eval_loss': '0.0694', 'eval_accuracy': '0.9787', 'eval_f1': '0.9772', 'eval_runtime': '7.878', 'eval_samples_per_second': '5.966', 'eval_steps_per_second': '0.762', 'epoch': '10'}
{'train_runtime': '527.9', 'train_samples_per_second': '3.523', 'train_steps_per_second': '0.227', 'train_loss': '0.0496', 'epoch': '10'}
[Done] vit | Val Acc: 0.9787 | F1: 0.9772

--- Training ResNet-18 (microsoft/resnet-18) ---
{'eval_loss': 'nan', 'eval_accuracy': '0.617', 'eval_f1': '0.3816', 'eval_runtime': '5.077', 'eval_samples_per_second': '9.258', 'eval_steps_per_second': '1.182', 'epoch': '1'}
{'eval_loss': 'nan', 'eval_accuracy': '0.617', 'eval_f1': '0.3816', 'eval_runtime': '4.833', 'eval_samples_per_second': '9.725', 'eval_steps_per_second': '1.241', 'epoch': '2'}
{'eval_loss': 'nan', 'eval_accuracy': '0.617', 'eval_f1': '0.3816', 'eval_runtime': '4.907', 'eval_samples_per_second': '9.579', 'eval_steps_per_second': '1.223', 'epoch': '3'}
{'eval_loss': 'nan', 'eval_accuracy': '0.617', 'eval_f1': '0.3816', 'eval_runtime': '4.855', 'eval_samples_per_second': '9.68', 'eval_steps_per_second': '1.236', 'epoch': '4'}
{'eval_loss': 'nan', 'eval_accuracy': '0.617', 'eval_f1': '0.3816', 'eval_runtime': '4.702', 'eval_samples_per_second': '9.995', 'eval_steps_per_second': '1.276', 'epoch': '5'}
{'eval_loss': 'nan', 'eval_accuracy': '0.617', 'eval_f1': '0.3816', 'eval_runtime': '4.73', 'eval_samples_per_second': '9.937', 'eval_steps_per_second': '1.269', 'epoch': '6'}
{'eval_loss': 'nan', 'eval_accuracy': '0.617', 'eval_f1': '0.3816', 'eval_runtime': '5', 'eval_samples_per_second': '9.399', 'eval_steps_per_second': '1.2', 'epoch': '7'}
{'eval_loss': 'nan', 'eval_accuracy': '0.617', 'eval_f1': '0.3816', 'eval_runtime': '4.673', 'eval_samples_per_second': '10.06', 'eval_steps_per_second': '1.284', 'epoch': '8'}
{'eval_loss': 'nan', 'eval_accuracy': '0.617', 'eval_f1': '0.3816', 'eval_runtime': '4.813', 'eval_samples_per_second': '9.765', 'eval_steps_per_second': '1.247', 'epoch': '9'}
{'eval_loss': 'nan', 'eval_accuracy': '0.617', 'eval_f1': '0.3816', 'eval_runtime': '4.773', 'eval_samples_per_second': '9.847', 'eval_steps_per_second': '1.257', 'epoch': '10'}
{'train_runtime': '118.7', 'train_samples_per_second': '15.66', 'train_steps_per_second': '1.011', 'train_loss': '0.1064', 'epoch': '10'}
[Done] resnet18 | Val Acc: 0.6170 | F1: 0.3816

--- Training MobileNetV3 (Small) (timm/mobilenetv3_small_100.lamb_in1k) ---
{'eval_loss': '0.565', 'eval_accuracy': '0.6809', 'eval_f1': '0.639', 'eval_runtime': '4.738', 'eval_samples_per_second': '9.919', 'eval_steps_per_second': '1.266', 'epoch': '1'}
{'eval_loss': '0.4683', 'eval_accuracy': '0.7447', 'eval_f1': '0.7418', 'eval_runtime': '4.891', 'eval_samples_per_second': '9.608', 'eval_steps_per_second': '1.227', 'epoch': '2'}
{'eval_loss': '0.3813', 'eval_accuracy': '0.7872', 'eval_f1': '0.7824', 'eval_runtime': '4.795', 'eval_samples_per_second': '9.802', 'eval_steps_per_second': '1.251', 'epoch': '3'}
{'eval_loss': '0.332', 'eval_accuracy': '0.8511', 'eval_f1': '0.844', 'eval_runtime': '5.029', 'eval_samples_per_second': '9.346', 'eval_steps_per_second': '1.193', 'epoch': '4'}
{'eval_loss': '0.3098', 'eval_accuracy': '0.8936', 'eval_f1': '0.8904', 'eval_runtime': '4.757', 'eval_samples_per_second': '9.881', 'eval_steps_per_second': '1.261', 'epoch': '5'}
{'eval_loss': '0.2977', 'eval_accuracy': '0.8936', 'eval_f1': '0.8904', 'eval_runtime': '4.72', 'eval_samples_per_second': '9.959', 'eval_steps_per_second': '1.271', 'epoch': '6'}
{'eval_loss': '0.2865', 'eval_accuracy': '0.8936', 'eval_f1': '0.8904', 'eval_runtime': '4.909', 'eval_samples_per_second': '9.574', 'eval_steps_per_second': '1.222', 'epoch': '7'}
{'eval_loss': '0.2828', 'eval_accuracy': '0.8936', 'eval_f1': '0.8904', 'eval_runtime': '4.579', 'eval_samples_per_second': '10.26', 'eval_steps_per_second': '1.31', 'epoch': '8'}
{'eval_loss': '0.2717', 'eval_accuracy': '0.8936', 'eval_f1': '0.8904', 'eval_runtime': '4.933', 'eval_samples_per_second': '9.527', 'eval_steps_per_second': '1.216', 'epoch': '9'}
{'eval_loss': '0.2721', 'eval_accuracy': '0.8723', 'eval_f1': '0.8675', 'eval_runtime': '4.772', 'eval_samples_per_second': '9.85', 'eval_steps_per_second': '1.257', 'epoch': '10'}
{'train_runtime': '102.9', 'train_samples_per_second': '18.08', 'train_steps_per_second': '1.166', 'train_loss': '0.2307', 'epoch': '10'}
[Done] mobilenetv3 | Val Acc: 0.8936 | F1: 0.8904

--- Training DINOv2 (Small) (facebook/dinov2-small) ---
{'eval_loss': '0.6968', 'eval_accuracy': '0.617', 'eval_f1': '0.3816', 'eval_runtime': '5.808', 'eval_samples_per_second': '8.092', 'eval_steps_per_second': '1.033', 'epoch': '1'}
{'eval_loss': '0.6905', 'eval_accuracy': '0.5957', 'eval_f1': '0.5837', 'eval_runtime': '5.68', 'eval_samples_per_second': '8.274', 'eval_steps_per_second': '1.056', 'epoch': '2'}
{'eval_loss': '0.5176', 'eval_accuracy': '0.7872', 'eval_f1': '0.7824', 'eval_runtime': '5.923', 'eval_samples_per_second': '7.935', 'eval_steps_per_second': '1.013', 'epoch': '3'}
{'eval_loss': '0.647', 'eval_accuracy': '0.766', 'eval_f1': '0.7621', 'eval_runtime': '5.888', 'eval_samples_per_second': '7.982', 'eval_steps_per_second': '1.019', 'epoch': '4'}
{'eval_loss': '0.7925', 'eval_accuracy': '0.8085', 'eval_f1': '0.8071', 'eval_runtime': '5.662', 'eval_samples_per_second': '8.301', 'eval_steps_per_second': '1.06', 'epoch': '5'}
{'eval_loss': '0.4302', 'eval_accuracy': '0.8298', 'eval_f1': '0.8157', 'eval_runtime': '6.045', 'eval_samples_per_second': '7.775', 'eval_steps_per_second': '0.993', 'epoch': '6'}
{'eval_loss': '0.6636', 'eval_accuracy': '0.766', 'eval_f1': '0.7642', 'eval_runtime': '8.896', 'eval_samples_per_second': '5.283', 'eval_steps_per_second': '0.674', 'epoch': '7'}
{'eval_loss': '0.9791', 'eval_accuracy': '0.8298', 'eval_f1': '0.8278', 'eval_runtime': '5.883', 'eval_samples_per_second': '7.989', 'eval_steps_per_second': '1.02', 'epoch': '8'}
{'eval_loss': '0.6024', 'eval_accuracy': '0.8298', 'eval_f1': '0.8157', 'eval_runtime': '6.148', 'eval_samples_per_second': '7.645', 'eval_steps_per_second': '0.976', 'epoch': '9'}
{'eval_loss': '0.5309', 'eval_accuracy': '0.8085', 'eval_f1': '0.7952', 'eval_runtime': '6.219', 'eval_samples_per_second': '7.557', 'eval_steps_per_second': '0.965', 'epoch': '10'}
{'train_runtime': '249.4', 'train_samples_per_second': '7.458', 'train_steps_per_second': '0.481', 'train_loss': '0.5662', 'epoch': '10'}
[Done] dinov2 | Val Acc: 0.8298 | F1: 0.8278

--- Training EfficientNet-B0 (google/efficientnet-b0) ---
{'eval_loss': '0.6624', 'eval_accuracy': '0.5957', 'eval_f1': '0.595', 'eval_runtime': '5.224', 'eval_samples_per_second': '8.997', 'eval_steps_per_second': '1.149', 'epoch': '1'}
{'eval_loss': '0.5785', 'eval_accuracy': '0.766', 'eval_f1': '0.7621', 'eval_runtime': '4.96', 'eval_samples_per_second': '9.475', 'eval_steps_per_second': '1.21', 'epoch': '2'}
{'eval_loss': '0.5668', 'eval_accuracy': '0.7447', 'eval_f1': '0.7235', 'eval_runtime': '4.541', 'eval_samples_per_second': '10.35', 'eval_steps_per_second': '1.321', 'epoch': '3'}
{'eval_loss': '0.5321', 'eval_accuracy': '0.766', 'eval_f1': '0.759', 'eval_runtime': '4.645', 'eval_samples_per_second': '10.12', 'eval_steps_per_second': '1.292', 'epoch': '4'}
{'eval_loss': '0.5007', 'eval_accuracy': '0.8511', 'eval_f1': '0.8466', 'eval_runtime': '4.661', 'eval_samples_per_second': '10.08', 'eval_steps_per_second': '1.287', 'epoch': '5'}
{'eval_loss': '0.4698', 'eval_accuracy': '0.8298', 'eval_f1': '0.8278', 'eval_runtime': '4.646', 'eval_samples_per_second': '10.12', 'eval_steps_per_second': '1.291', 'epoch': '6'}
{'eval_loss': '0.4645', 'eval_accuracy': '0.8298', 'eval_f1': '0.8291', 'eval_runtime': '4.509', 'eval_samples_per_second': '10.42', 'eval_steps_per_second': '1.331', 'epoch': '7'}
{'eval_loss': '0.4741', 'eval_accuracy': '0.8723', 'eval_f1': '0.8709', 'eval_runtime': '4.759', 'eval_samples_per_second': '9.875', 'eval_steps_per_second': '1.261', 'epoch': '8'}
{'eval_loss': '0.4477', 'eval_accuracy': '0.8511', 'eval_f1': '0.8466', 'eval_runtime': '4.566', 'eval_samples_per_second': '10.29', 'eval_steps_per_second': '1.314', 'epoch': '9'}
{'eval_loss': '0.4244', 'eval_accuracy': '0.8723', 'eval_f1': '0.8709', 'eval_runtime': '4.722', 'eval_samples_per_second': '9.953', 'eval_steps_per_second': '1.271', 'epoch': '10'}
{'train_runtime': '105.4', 'train_samples_per_second': '17.64', 'train_steps_per_second': '1.138', 'train_loss': '0.4328', 'epoch': '10'}
[Done] efficientnetb0 | Val Acc: 0.8723 | F1: 0.8709

--- Training ConvNeXt V2 (Tiny) (facebook/convnextv2-tiny-1k-224) ---
{'eval_loss': '0.4119', 'eval_accuracy': '0.9574', 'eval_f1': '0.9558', 'eval_runtime': '5.76', 'eval_samples_per_second': '8.16', 'eval_steps_per_second': '1.042', 'epoch': '1'}
{'eval_loss': '0.2354', 'eval_accuracy': '0.9574', 'eval_f1': '0.9558', 'eval_runtime': '5.746', 'eval_samples_per_second': '8.18', 'eval_steps_per_second': '1.044', 'epoch': '2'}
{'eval_loss': '0.2175', 'eval_accuracy': '0.9362', 'eval_f1': '0.9343', 'eval_runtime': '5.603', 'eval_samples_per_second': '8.388', 'eval_steps_per_second': '1.071', 'epoch': '3'}
{'eval_loss': '0.1267', 'eval_accuracy': '0.9787', 'eval_f1': '0.9777', 'eval_runtime': '5.506', 'eval_samples_per_second': '8.537', 'eval_steps_per_second': '1.09', 'epoch': '4'}
{'eval_loss': '0.1672', 'eval_accuracy': '0.9362', 'eval_f1': '0.9343', 'eval_runtime': '5.809', 'eval_samples_per_second': '8.091', 'eval_steps_per_second': '1.033', 'epoch': '5'}
{'eval_loss': '0.172', 'eval_accuracy': '0.9362', 'eval_f1': '0.9343', 'eval_runtime': '5.694', 'eval_samples_per_second': '8.254', 'eval_steps_per_second': '1.054', 'epoch': '6'}
{'eval_loss': '0.1637', 'eval_accuracy': '0.9362', 'eval_f1': '0.9343', 'eval_runtime': '5.504', 'eval_samples_per_second': '8.54', 'eval_steps_per_second': '1.09', 'epoch': '7'}
{'eval_loss': '0.1619', 'eval_accuracy': '0.9362', 'eval_f1': '0.9343', 'eval_runtime': '5.471', 'eval_samples_per_second': '8.59', 'eval_steps_per_second': '1.097', 'epoch': '8'}
{'eval_loss': '0.1621', 'eval_accuracy': '0.9362', 'eval_f1': '0.9343', 'eval_runtime': '5.426', 'eval_samples_per_second': '8.662', 'eval_steps_per_second': '1.106', 'epoch': '9'}
{'eval_loss': '0.1623', 'eval_accuracy': '0.9362', 'eval_f1': '0.9343', 'eval_runtime': '5.672', 'eval_samples_per_second': '8.286', 'eval_steps_per_second': '1.058', 'epoch': '10'}
{'train_runtime': '216.9', 'train_samples_per_second': '8.577', 'train_steps_per_second': '0.553', 'train_loss': '0.09144', 'epoch': '10'}
[Done] convnextv2 | Val Acc: 0.9787 | F1: 0.9777
